<PAMDataset>
  <SRS dataAxisToSRSAxisMapping="1,2">PROJCS["SIRGAS 2000 / UTM zone 22S",GEOGCS["SIRGAS 2000",DATUM["Sistema_de_Referencia_Geocentrico_para_las_AmericaS_2000",SPHEROID["GRS 1980",6378137,298.257222100887,AUTHORITY["EPSG","7019"]],AUTHORITY["EPSG","6674"]],PRIMEM["Greenwich",0],UNIT["degree",0.0174532925199433,AUTHORITY["EPSG","9122"]],AUTHORITY["EPSG","4674"]],PROJECTION["Transverse_Mercator"],PARAMETER["latitude_of_origin",0],PARAMETER["central_meridian",-51],PARAMETER["scale_factor",0.9996],PARAMETER["false_easting",500000],PARAMETER["false_northing",10000000],UNIT["metre",1,AUTHORITY["EPSG","9001"]],AXIS["Easting",EAST],AXIS["Northing",NORTH],AUTHORITY["EPSG","31982"]]</SRS>
  <GeoTransform>  4.5662850638221309e+05,  3.4999999999999998e-01,  0.0000000000000000e+00,  6.7174526900584912e+06,  0.0000000000000000e+00, -3.4999999999999998e-01</GeoTransform>
</PAMDataset>
