{
    "info": {
        "description": "COCO 2017 dataset",
        "url": "http://cocodataset.org",
        "version": "1.0",
        "year": 2017,
        "contributor": "COCO Consortium",
        "date_created": "2017/09/01"
    },
    "licenses": [
        {
            "id": 4,
            "url": "http://creativecommons.org/licenses/by/2.0/",
            "name": "Attribution License"
        }
    ],
    "images": [
        {
            "license": 4,
            "file_name": "000000242287.jpg",
            "coco_url": "http://images.cocodataset.org/val2017/000000242287.jpg",
            "height": 640,
            "width": 426,
            "date_captured": "2013-11-15 02:41:42",
            "flickr_url": "http://farm3.staticflickr.com/2626/4072194513_edb6acfb2b_z.jpg",
            "id": 242287
        },
        {
            "license": 4,
            "file_name": "000000245915.jpg",
            "coco_url": "http://images.cocodataset.org/val2017/000000245915.jpg",
            "height": 333,
            "width": 500,
            "date_captured": "2013-11-18 02:53:27",
            "flickr_url": "http://farm1.staticflickr.com/88/211747310_f58a16631e_z.jpg",
            "id": 245915
        }
    ],
    "categories": [
        {
            "supercategory": "vehicle",
            "id": 2,
            "name": "bicycle"
        },
        {
            "supercategory": "animal",
            "id": 22,
            "name": "elephant"
        }
    ],
    "annotations": [
        {
            "id": 125686,
            "category_id": 2,
            "image_id": 242287,
            "segmentation": [
                [
                    164.81,
                    417.51,
                    164.81,
                    417.51,
                    164.81,
                    417.51,
                    159.31,
                    409.27,
                    159.31,
                    409.27,
                    155.19,
                    409.27,
                    155.19,
                    410.64,
                    152.45,
                    413.39,
                    144.21,
                    413.39,
                    140.09,
                    413.39,
                    137.34,
                    413.39,
                    134.59,
                    414.76,
                    129.1,
                    414.76,
                    122.23,
                    414.76,
                    104.38,
                    405.15,
                    104.38,
                    405.15,
                    93.39,
                    401.03,
                    93.39,
                    401.03,
                    87.9,
                    399.66,
                    86.52,
                    399.66,
                    85.15,
                    399.66,
                    93.39,
                    391.42,
                    78.28,
                    383.18,
                    72.79,
                    383.18,
                    68.67,
                    401.03,
                    82.4,
                    402.4,
                    104.38,
                    409.27,
                    104.38,
                    421.63,
                    85.15,
                    458.71,
                    79.66,
                    469.7,
                    65.92,
                    454.59,
                    61.8,
                    455.97,
                    59.06,
                    455.97,
                    42.58,
                    471.07,
                    39.83,
                    479.31,
                    39.83,
                    482.06,
                    31.59,
                    497.17,
                    19.23,
                    510.9,
                    19.23,
                    519.14,
                    19.23,
                    539.74,
                    20.6,
                    578.2,
                    26.09,
                    590.56,
                    27.47,
                    593.3,
                    38.45,
                    596.05,
                    41.2,
                    593.3,
                    50.82,
                    589.18,
                    53.56,
                    587.81,
                    59.06,
                    585.06,
                    71.42,
                    579.57,
                    79.66,
                    568.58,
                    82.4,
                    560.34,
                    85.15,
                    535.62,
                    87.9,
                    520.52,
                    90.64,
                    513.65,
                    93.39,
                    490.3,
                    93.39,
                    487.55,
                    93.39,
                    480.69,
                    108.5,
                    499.91,
                    108.5,
                    509.53,
                    115.36,
                    521.89,
                    104.38,
                    521.89,
                    103.0,
                    528.76,
                    108.5,
                    534.25,
                    119.48,
                    530.13,
                    124.98,
                    535.62,
                    126.35,
                    535.62,
                    129.1,
                    543.86,
                    166.18,
                    582.32,
                    171.67,
                    578.2,
                    197.77,
                    598.8,
                    208.76,
                    608.41,
                    249.96,
                    627.64,
                    269.18,
                    623.52,
                    278.8,
                    618.03,
                    281.55,
                    609.79,
                    285.67,
                    601.55,
                    287.04,
                    597.42,
                    291.16,
                    591.93,
                    291.16,
                    590.56,
                    318.63,
                    590.56,
                    318.63,
                    591.93,
                    329.61,
                    589.18,
                    332.36,
                    586.44,
                    333.73,
                    583.69,
                    309.01,
                    563.09,
                    313.13,
                    547.98,
                    313.13,
                    541.12,
                    313.13,
                    526.01,
                    313.13,
                    523.26,
                    313.13,
                    516.39,
                    313.13,
                    501.29,
                    307.64,
                    486.18,
                    307.64,
                    486.18,
                    302.15,
                    483.43,
                    291.16,
                    472.45,
                    278.8,
                    454.59,
                    273.3,
                    454.59,
                    262.32,
                    447.73,
                    241.72,
                    438.11,
                    226.61,
                    425.75,
                    226.61,
                    420.26,
                    210.13,
                    413.39,
                    206.01,
                    413.39,
                    197.77,
                    414.76,
                    167.55,
                    410.64
                ]
            ],
            "bbox": [
                19.23,
                383.18,
                314.5,
                244.46
            ],
            "area": 42061.80340000001,
            "iscrowd": 0
        },
        {
            "id": 1409619,
            "category_id": 22,
            "image_id": 245915,
            "segmentation": [
                [
                    376.81,
                    238.8,
                    378.19,
                    228.91,
                    382.15,
                    216.06,
                    383.14,
                    210.72,
                    385.9,
                    207.56,
                    386.7,
                    207.16,
                    387.29,
                    201.43,
                    389.27,
                    197.67,
                    396.58,
                    196.09,
                    404.49,
                    198.07,
                    416.16,
                    190.95,
                    434.75,
                    189.76,
                    458.48,
                    190.95,
                    468.96,
                    196.88,
                    473.51,
                    205.58,
                    473.31,
                    210.52,
                    460.65,
                    225.36,
                    447.6,
                    238.41,
                    437.91,
                    239.59,
                    420.91,
                    233.07,
                    413.98,
                    246.71,
                    406.27,
                    245.92,
                    408.45,
                    232.87,
                    409.24,
                    224.17,
                    407.66,
                    221.6,
                    405.28,
                    221.6,
                    402.91,
                    226.54,
                    395.99,
                    228.12,
                    393.02,
                    229.11,
                    388.28,
                    231.88,
                    383.93,
                    236.82,
                    382.74,
                    241.17
                ]
            ],
            "bbox": [
                376.81,
                189.76,
                96.7,
                56.95
            ],
            "area": 3556.2197000000015,
            "iscrowd": 0
        },
        {
            "id": 1410165,
            "category_id": 22,
            "image_id": 245915,
            "segmentation": [
                [
                    486.34,
                    239.01,
                    477.88,
                    244.78,
                    468.26,
                    245.16,
                    464.41,
                    244.78,
                    458.64,
                    250.16,
                    451.72,
                    249.39,
                    445.56,
                    243.62,
                    448.26,
                    238.62,
                    476.72,
                    206.69,
                    481.34,
                    205.54,
                    485.57,
                    209.0,
                    500.0,
                    205.16,
                    500.0,
                    267.47,
                    500.0,
                    272.86,
                    498.26,
                    276.71,
                    489.03,
                    275.94,
                    488.65,
                    272.47,
                    494.8,
                    251.32,
                    495.95,
                    244.39
                ]
            ],
            "bbox": [
                445.56,
                205.16,
                54.44,
                71.55
            ],
            "area": 1775.8932499999994,
            "iscrowd": 0
        }
    ]
}
