image,width,height,polygon_mask,bands_means,bands_stds,class_freq,boundary_mask,vertex_mask,crossfield_mask,distance_mask,size_mask,mask_is_single_band,bounding_boxes,polygon_lists
coco_images/000000232566.jpg,300,300,polygon_masks/000000232566.tif,"[75.27754444444444, 85.3985, 99.71135555555556]","[29.020415078071853, 25.637668640216795, 24.556575402441656]",[0.29520606 0.33489608 0.39102492],boundary_masks/000000232566.tif,vertex_masks/000000232566.tif,crossfield_masks/000000232566.tif,distance_masks/000000232566.tif,size_masks/000000232566.tif,False,,
coco_images/000000160847.jpg,300,300,polygon_masks/000000160847.tif,"[63.915911111111114, 76.32056666666666, 88.05453333333334]","[31.755029280640272, 27.03245381452532, 24.01248387133474]",[0.25065063 0.29929634 0.3453119 ],boundary_masks/000000160847.tif,vertex_masks/000000160847.tif,crossfield_masks/000000160847.tif,distance_masks/000000160847.tif,size_masks/000000160847.tif,False,,
